---
source: tests/render_snapshots/overlays.rs
expression: output
---
test_project | - | - | no dsn | localhost:5432/test                             
┌ [1] Explorer ────┐[Info] [Cols] [Idx] [FK] [RLS] [Trig] [DDL]                 
│ Press 'r' to load│┌ [2] Inspector ───────────────────────────────────────────┐
│                  ││(select a table)                                          │
│                  ││                                                          │
│       ╭ SQL Editor ── [SQL] [Plan] ──────────────────────────────────╮       │
│       │ ERROR: relation "nonexistent" does not exist                 │       │
│       │                                                              │       │
│       │                                                              │       │
│       │                                                              │       │
│       │                                                              │       │
│       │                                                              │───────┘
│       │                                                              │───────┐
│       │                                                              │       │
│       │                                                              │       │
│       │                                                              │       │
│       │ ──────────────────────────────────────────────────────────── │       │
│       │  [NORMAL]                                             Ready  │       │
│       ╰ ⌥Enter: Run │ y: Yank │ ^O: Hist │ Enter: Insert │ Esc: Close╯       │
│                  ││                                                          │
│                  ││                                                          │
└──────────────────┘└──────────────────────────────────────────────────────────┘
^E:Explain  ⌥E:Analyze  ↑↓:Scroll  Tab:SQL  Esc:Close
