---
source: tests/render_snapshots/overlays.rs
expression: output
---
test_project | - | - | no dsn | localhost:5432/test                             
┌ [1] Explorer ────┐[Info] [Cols] [Idx] [FK] [RLS] [Trig] [DDL]                 
│ Press 'r' to load│┌ [2] Inspector ───────────────────────────────────────────┐
│                  ││(select a table)                                          │
│                  ││                                                          │
│       ╭ SQL Editor ── [SQL] [Plan] [Compare] ────────────────────────╮       │
│       │ DELETE FROM users WHERE id = 1                               │       │
│       │                                                              │       │
│       │                                                              │       │
│       │                                                              │       │
│       │                                                              │       │
│       │                                                              │───────┘
│       │                                                              │───────┐
│       │                                                              │       │
│       │                                                              │       │
│       │                                                              │       │
│       │ ──────────────────────────────────────────────────────────── │       │
│       │  [NORMAL]                          ✓ 3 rows deleted (0.01s)  │       │
│       ╰ ⌥Enter: Run │ ^E: EXPLAIN │ ⌥E: EXPLAIN ANALYZE │ y: Yank │ ^╯       │
│                  ││                                                          │
│                  ││                                                          │
└──────────────────┘└──────────────────────────────────────────────────────────┘
