---
source: tests/render_snapshots/confirm_dialogs.rs
expression: output
---
test_project | test_db | - | no dsn | lo
┌╭ Confirm UPDATE: users ─────────────╮]
││                                    │┐
││ ✓ LOW RISK                         ││
││                                    ││
││ Diff                               │┘
││   metadata:                        │┐
││     {                              ││
││   -   "company_size":              ││
││                                    ││
└╰ Enter: Confirm │ Esc/q: Cancel ────╯┘
