---
source: tests/render_snapshots.rs
expression: output
---
test_project | - | - | no dsn | localhost:5432/test                             
┌ [1] Explorer ────┐[Info] [Cols] [Idx] [FK] [RLS] [Trig] [DDL]                 
│> public.users    │┌ [2] Inspector ───────────────────────────────────────────┐
│  public.posts    ││(select a table)                                          │
│  public.comments ││                                                          │
│       ╭ SQL Editor ──────────────────────────────────────────────────╮       │
│       │SELECT * FROM us█                                             │       │
│       │                                                              │       │
│       │                                                              │       │
│       │                                                              │       │
│       │                                                              │       │
│       │                                                              │───────┘
│       │                                                              │───────┐
│       │                                                              │       │
│       │                                                              │       │
│       │                                                              │       │
│       │                                                              │       │
│       │Ready                                                         │       │
│       ╰ Alt+Enter: Run │ Ctrl+L: Clear │ Esc: Close ─────────────────╯       │
│                  ││                                                          │
│                  ││                                                          │
└──────────────────┘└──────────────────────────────────────────────────────────┘
⌥Enter:Run  ↑↓←→:Move  Esc:Close
