---
source: tests/render_snapshots.rs
expression: output
---
test_project | default | - | - | no dsn                                         
┌ [1] Explorer ┐[Cols] [Idx] [FK] [RLS] [DDL]                                   
│Connections   │┌ [2] Inspector ───────────────────────────────────────────────┐
│ Current: loca││(select a table)                                              │
│              ││                                                              │
│Tables        ││                                                              │
│ Press 'r' to ││                                                              │
│              ││                                                              │
│              ││                                                              │
│              ││                                                              │
│              ││                                                              │
│              │└──────────────────────────────────────────────────────────────┘
│              │┌ [3] Result ──────────────────────────────────────────────────┐
│              ││(select a table to preview)                                   │
│              ││                                                              │
│              ││                                                              │
│              ││                                                              │
│              ││                                                              │
│              ││                                                              │
│              ││                                                              │
│              ││                                                              │
└──────────────┘└──────────────────────────────────────────────────────────────┘
q:Quit  ?:Help  1/2/3:Pane  f:Focus  r:Reload  s:SQL  e:ER Diagram  ^P:Tables  ^
