---
source: tests/render_snapshots.rs
expression: output
---
test_project | default | - | - | no dsn                                         
┌ [1] Explorer ┐[Cols] [Idx] [FK] [RLS] [DDL]                                   
│Connections   │┌ [2] Inspector ───────────────────────────────────────────────┐
│ Current: loca││(select a table)                                              │
│              ││                                                              │
│Tables [3]    ││                                                              │
│public.user   ││   ╭ Command Palette ─────────────────────╮                   │
│public.post   ││   │  q / :quit          Quit application │                   │
│public.comm   ││   │  ? / :help          Show help        │                   │
│              ││   │  s / :sql           Open SQL Editor  │                   │
│              ││   │  e / :erd           Open ER Diagram  │                   │
│              │└───│  c                  Open connection s│───────────────────┘
│              │┌ [3│  f                  Toggle Focus mode│───────────────────┐
│              ││(se│  Ctrl+P             Open Table Picker│                   │
│              ││   │  r                  Reload metadata  │                   │
│              ││   │                                      │                   │
│              ││   │                                      │                   │
│              ││   ╰ j/k / ↑↓ Navigate │ Enter Select │ Es╯                   │
│              ││                                                              │
│              ││                                                              │
│              ││                                                              │
└──────────────┘└──────────────────────────────────────────────────────────────┘
Enter:Execute  j/k / ↑↓:Navigate  Esc:Close
