---
source: tests/render_snapshots.rs
expression: output
---
test_project | - | - | no dsn | localhost:5432/test                             
┌ [1] Explorer ────┐[Info] [Cols] [Idx] [FK] [RLS] [Trig] [DDL]                 
│ Press 'r' to load│┌ [2] Inspector ───────────────────────────────────────────┐
│                  ││(select a table)                                          │
│                  ││                                                          │
│               ╭ Select Connection ───────────────────────────╮               │
│               │>   my-very-long-servic…  from pg_service.conf│               │
│               │    short          from pg_service.conf       │               │
│               │                                              │               │
│               │                                              │               │
│               │                                              │               │
│               │                                              │───────────────┘
│               │                                              │───────────────┐
│               │                                              │               │
│               │                                              │               │
│               │                                              │               │
│               │                                              │               │
│               │                                              │               │
│               ╰ Enter Confirm  ↑/↓ Select  n New  Esc Close ─╯               │
│                  ││                                                          │
│                  ││                                                          │
└──────────────────┘└──────────────────────────────────────────────────────────┘
Enter:Confirm  ↑/↓:Select  n:New  Esc:Close
