---
source: tests/render_snapshots.rs
expression: output
---
test_project | - | - | no dsn | localhost:5432/test                             
┌ [1] Explorer ────┐[Info] [Cols] [Idx] [FK] [RLS] [Trig] [DDL]                 
│ Press 'r' to load│┌ [2] Inspector ───────────────────────────────────────────┐
│                  ││(select a table)                                          │
│                  ││                                                          │
│                  ││                                                          │
│                  ││                                                          │
│                  ││                                                          │
│                  ││                                                          │
│                  │╭ Delete Connection ───────────────────╮                   │
│                  ││ Delete "Staging"?                    │                   │
│                  ││                                      │───────────────────┘
│                  ││ This action cannot be undone.        │───────────────────┐
│                  ││                                      │                   │
│                  │╰ Enter/Y: Confirm │ Esc/N: Cancel ────╯                   │
│                  ││                                                          │
│                  ││                                                          │
│                  ││                                                          │
│                  ││                                                          │
│                  ││                                                          │
│                  ││                                                          │
└──────────────────┘└──────────────────────────────────────────────────────────┘
