---
source: tests/render_snapshots.rs
expression: output
---
test_project | default | - | - | no dsn                                         
┌ [1] Explorer ┐[Cols] [Idx] [FK] [RLS] [DDL]                                   
│Connections   │┌ [2] Inspector ───────────────────────────────────────────────┐
│ Current: loca││(select a table)                                              │
│              │╭ Table Picker ────────────────────────────────╮               │
│Tables [3]    ││  > user█                                     │               │
│public.user   ││▸   public.users                              │               │
│public.post   ││                                              │               │
│public.comm   ││                                              │               │
│              ││                                              │               │
│              ││                                              │               │
│              ││                                              │───────────────┘
│              ││                                              │───────────────┐
│              ││                                              │               │
│              ││                                              │               │
│              ││                                              │               │
│              ││                                              │               │
│              ││                                              │               │
│              ││                                              │               │
│              │╰ 1 tables │ ↑↓ Navigate │ Enter Select ───────╯               │
│              ││                                                              │
└──────────────┘└──────────────────────────────────────────────────────────────┘
Enter:Select  type:Filter  ↑↓:Navigate  Esc:Close
