---
source: tests/render_snapshots.rs
expression: output
---
test_project | - | - | no dsn | localhost:5432/test                             
┌ [1] Explorer ┐[Cols] [Idx] [FK] [RLS] [DDL]                                   
│ Press 'r' to │┌ [2] Inspector ───────────────────────────────────────────────┐
│              ││(select a table)                                              │
│              ││                                                              │
│              │╭ Select Connection ───────────────────────────╮               │
│              ││> ● Production                                │               │
│              ││    Staging                                   │               │
│              ││    Local Dev                                 │               │
│              ││                                              │               │
│              ││                                              │               │
│              ││                                              │───────────────┘
│              ││                                              │───────────────┐
│              ││                                              │               │
│              ││                                              │               │
│              ││                                              │               │
│              ││                                              │               │
│              ││                                              │               │
│              │╰ ↑/↓ Select  Enter Confirm  n New  d Delete  q╯               │
│              ││                                                              │
│              ││                                                              │
└──────────────┘└──────────────────────────────────────────────────────────────┘
Enter:Confirm  ↑/↓:Select  n:New  d:Delete  q:Quit
