---
source: tests/render_snapshots.rs
expression: output
---
test_project | - | - | no dsn | localhost:5432/test                             
┌ [1] Explorer ┐[Cols] [Idx] [FK] [RLS] [DDL]                                   
│ Press 'r' to │┌ [2] Inspector ───────────────────────────────────────────────┐
│              ││(select a table)                                              │
│              ││                                                              │
│              ││                                                              │
│        ╭ New Connection ────────────────────────────────────────────╮        │
│        │                                                            │        │
│        │  Name:       [ █                          ]                │        │
│        │  Host:       [ localhost                  ]                │        │
│        │  Port:       [ 5432                       ]                │        │
│        │  Database:   [ mydb                       ]                │────────┘
│        │  User:       [ postgres                   ]                │────────┐
│        │  Password:   [                            ]                │        │
│        │  SSL Mode:   [ prefer                   ▼ ]                │        │
│        │                                                            │        │
│        │  Note: Connection info is stored locally in plain text     │        │
│        │                                                            │        │
│        ╰ Tab: Next │ Shift+Tab: Prev │ Ctrl+S: Connect │ Esc: Cancel╯        │
│              ││                                                              │
│              ││                                                              │
└──────────────┘└──────────────────────────────────────────────────────────────┘
^S:Connect  Tab:Next  ⇧Tab:Prev  Esc:Cancel
