---
source: tests/render_snapshots.rs
expression: output
---
test_project | default | - | - | no dsn                                         
┌ [1] Explorer ┐[Cols] [Idx] [FK] [RLS] [DDL]                                   
│public.user   │┌ [2] Inspector ───────────────────────────────────────────────┐
│public.post   ││(select a table)                                              │
│public.comm   ││                                                              │
│       ╭ SQL Editor ──────────────────────────────────────────────────╮       │
│       │SELECT * FROM us█                                             │       │
│       │                                                              │       │
│       │                                                              │       │
│       │                                                              │       │
│       │                                                              │       │
│       │                                                              │───────┘
│       │                                                              │───────┐
│       │                                                              │       │
│       │                                                              │       │
│       │                                                              │       │
│       │                                                              │       │
│       │Ready │ Alt+Enter: Run  Ctrl+L: Clear  Esc: Close             │       │
│       ╰ Alt+Enter: Run │ Ctrl+L: Clear │ Esc: Close──────────────────╯       │
│              ││                                                              │
│              ││                                                              │
└──────────────┘└──────────────────────────────────────────────────────────────┘
⌥Enter:Run  Esc:Close  ↑↓←→:Move
