---
source: tests/render_snapshots.rs
expression: output
---
test_project | - | - | no dsn | localhost:5432/test                             
┌ [1] Explorer ┐[Cols] [Idx] [FK] [RLS] [DDL]                                   
│ Press 'r' to │┌ [2] Inspector ───────────────────────────────────────────────┐
│              ││(select a table)                                              │
│              ││                                                              │
│              ││                                                              │
│              ││                                                              │
│              ││                                                              │
│              ││                                                              │
│              ││                                                              │
│              ││                                                              │
│              │└──────────────────────────────────────────────────────────────┘
│              │┌ [3] Result ──────────────────────────────────────────────────┐
│              ││(select a table to preview)                                   │
│              ││                                                              │
│              ││                                                              │
│              ││                                                              │
│              ││                                                              │
│              ││                                                              │
│              ││                                                              │
│              ││                                                              │
└──────────────┘└──────────────────────────────────────────────────────────────┘
✓ Reconnected!  r:Reload  s:SQL  e:ER Diagram  c:Connect  ^P:Tables  ^K:Palette
