---
source: tests/render_snapshots.rs
expression: output
---
test_project | - | - | no dsn | localhost:5432/test                             
┌ [1] Explorer ────┐[Info] [Cols] [Idx] [FK] [RLS] [Trig] [DDL]                 
│> ● Production    │┌ [2] Inspector ───────────────────────────────────────────┐
│    Staging       ││(select a table)                                          │
│    Local Dev     ││                                                          │
│                  ││                                                          │
│                  ││                                                          │
│                  ││                                                          │
│                  ││                                                          │
│                  ││                                                          │
│                  ││                                                          │
│                  │└──────────────────────────────────────────────────────────┘
│                  │┌ [3] Result ──────────────────────────────────────────────┐
│                  ││(select a table to preview)                               │
│                  ││                                                          │
│                  ││                                                          │
│                  ││                                                          │
│                  ││                                                          │
│                  ││                                                          │
│                  ││                                                          │
│                  ││                                                          │
└──────────────────┘└──────────────────────────────────────────────────────────┘
Enter:Connect  n:New  e:Edit  d:Delete  j/k:Navigate  ?:Help  c:Tables  Esc:Back
