---
source: tests/render_snapshots.rs
expression: output
---
test_project | default | - | - | no dsn | localhost:5432/test                   
┌ [1] Explorer ┐[Cols] [Idx] [FK] [RLS] [DDL]                                   
│ Press 'r' to │┌ [2] Inspector ───────────────────────────────────────────────┐
│              ││(select a table)                                              │
│              ││                                                              │
│           ╭ Connection Error ────────────────────────────────────╮           │
│           │✗ Connection timed out                                │           │
│           │                                                      │           │
│           │Hint: Check network connectivity                      │           │
│           │                                                      │           │
│           │▼ Details                                             │           │
│           │psql: error: connection to server at "192.168.1.100", │───────────┘
│           │port 5432 failed: timeout expired                     │───────────┐
│           │                                                      │           │
│           │                                                      │           │
│           │                                                      │           │
│           │                                                      │           │
│           │Actions:  e  Re-enter   d  Details   c  Copy   q  Quit│           │
│           ╰ Scroll: ↑/↓/j/k  Esc to close  q to quit ────────────╯           │
│              ││                                                              │
│              ││                                                              │
└──────────────┘└──────────────────────────────────────────────────────────────┘
e:Edit  d:Details  c:Copy  Esc:Close  q:Quit
