---
source: tests/render_snapshots.rs
expression: output
---
test_project | default | - | - | no dsn                                         
┌ [1] Explorer ┐[Cols] [Idx] [FK] [RLS] [DDL]                                   
│Connections╭ Help ────────────────────────────────────────────────╮───────────┐
│ Current: l│▸ Global Keys                                         │           │
│           │   q           Quit application                       │           │
│Tables [3] │   ?           Toggle this help                       │           │
│public.user│   Ctrl+P      Open Table Picker                      │           │
│public.post│   Ctrl+K      Open Command Palette                   │           │
│public.comm│   :           Enter command line                     │           │
│           │   f           Toggle Focus mode (Result fullscreen)  │           │
│           │  1/2/3        Switch pane focus (exits Focus first)  │           │
│           │  Tab/⇧Tab     Inspector prev/next tab (Inspector     │───────────┘
│           │focus)                                                │───────────┐
│           │  r            Reload metadata                        │           │
│           │  e            Open ER Diagram in browser             │           │
│           │  c            Open connection settings               │           │
│           │                                                      │           │
│           │▸ Navigation                                          │           │
│           │  j / ↓        Move down (scroll in Result/Focus)     │           │
│           │  k / ↑        Move up (scroll in Result/Focus)       │           │
│           │  g / Home     First item (top in Result/Focus)       │           │
└───────────╰ ? or Esc to close ───────────────────────────────────╯───────────┘
?/Esc:Close  q:Quit
