---
source: src/tests/render_snapshots/overlays.rs
expression: output
---
test_project ▸ test_db ▸ -                                                                                                            connected | localhost:5432/test
┌ [1] Explorer ─────────────────────────┐[Info] [Cols] [Idx] [FK] [RLS] [Trig] [DDL]                                                                                 
│> public.users                         │┌ [2] Inspector ───────────────────────────────────────────────────────────────────────────────────────────────────────────┐
│  public.posts                         ││(select a table)                                                                                                          │
│  public.comments                      ││                                                                                                                          │
│                                       ││                                                                                                                          │
│                                       ││                                                                                                                          │
│                                       ││                                                                                                                          │
│                                       ││                                                                                                                          │
│                                       ││                                                                                                                          │
│                ╭ SQL ── ⚠ NON-ATOMIC ─────────────────────────────────────────────────────────────────────────────────────────────────────────────╮               │
│                │ PRAGMA foreign_keys = OFF; CREATE TABLE users(id INTEGER)                                                                        │               │
│                │                                                                                                                                  │               │
│                │                                                                                                                                  │               │
│                │                                                                                                                                  │               │
│                │                                                                                                                                  │               │
│                │                                                                                                                                  │               │
│                │                                                                                                                                  │               │
│                │                                                                                                                                  │               │
│                │                                                                                                                                  │               │
│                │                                                                                                                                  │               │
│                │                                                                                                                                  │               │
│                │                                                                                                                                  │               │
│                │                                                                                                                                  │               │
│                │                                                                                                                                  │───────────────┘
│                │                                                                                                                                  │───────────────┐
│                │                                                                                                                                  │               │
│                │                                                                                                                                  │               │
│                │                                                                                                                                  │               │
│                │                                                                                                                                  │               │
│                │                                                                                                                                  │               │
│                │                                                                                                                                  │               │
│                │                                                                                                                                  │               │
│                │                                                                                                                                  │               │
│                │                                                                                                                                  │               │
│                │                                                                                                                                  │               │
│                │ ──────────────────────────────────────────────────────────────────────────────────────────────────────────────────────────────── │               │
│                │ ⚠ NON-ATOMIC  SQLite transaction                                                                                                 │               │
│                │ SQLite must run this script without an automatic transaction                                                                     │               │
│                │                                                                                                                                  │               │
│                ╰ Enter: Execute │ Esc: Back ──────────────────────────────────────────────────────────────────────────────────────────────────────╯               │
│                                       ││                                                                                                                          │
│                                       ││                                                                                                                          │
│                                       ││                                                                                                                          │
│                                       ││                                                                                                                          │
│                                       ││                                                                                                                          │
│                                       ││                                                                                                                          │
│                                       ││                                                                                                                          │
└───────────────────────────────────────┘└──────────────────────────────────────────────────────────────────────────────────────────────────────────────────────────┘
