---
source: src/tests/render_snapshots/er_diagram.rs
expression: output
---
test_project ▸ app ▸ -                                                                                                                              connected | mysql
┌ [1] Explorer ─────────────────────────┐[Info] [Cols] [Idx] [FK] [Trig] [DDL]                                                                                       
│> users                                │┌ [2] Inspector ───────────────────────────────────────────────────────────────────────────────────────────────────────────┐
│  posts                                ││(select a table)                                                                                                          │
│  comments                             ││                                                                                                                          │
│                                       ││                                                                                                                          │
│                                       ││                                                                                                                          │
│                                       ││                                                                                                                          │
│                                ╭ ER Diagram ─────────────────────────────────────────────────────────────────────────────────────╮                                │
│                                │  >                                                                                              │                                │
│                                │  Mode:    Partial ER                                                                            │                                │
│                                │  Targets: users                                                                                 │                                │
│                                │  Output:  er_partial_app_users.dot                                                              │                                │
│                                │▸   ✔ users                                                                                      │                                │
│                                │      posts                                                                                      │                                │
│                                │      comments                                                                                   │                                │
│                                │                                                                                                 │                                │
│                                │                                                                                                 │                                │
│                                │                                                                                                 │                                │
│                                │                                                                                                 │                                │
│                                │                                                                                                 │                                │
│                                │                                                                                                 │                                │
│                                │                                                                                                 │                                │
│                                │                                                                                                 │                                │
│                                │                                                                                                 │────────────────────────────────┘
│                                │                                                                                                 │────────────────────────────────┐
│                                │                                                                                                 │                                │
│                                │                                                                                                 │                                │
│                                │                                                                                                 │                                │
│                                │                                                                                                 │                                │
│                                │                                                                                                 │                                │
│                                │                                                                                                 │                                │
│                                │                                                                                                 │                                │
│                                │                                                                                                 │                                │
│                                │                                                                                                 │                                │
│                                │                                                                                                 │                                │
│                                │                                                                                                 │                                │
│                                │                                                                                                 │                                │
│                                │                                                                                                 │                                │
│                                │                                                                                                 │                                │
│                                │                                                                                                 │                                │
│                                │                                                                                                 │                                │
│                                ╰ 1/3 selected │ Space: Select │ ⌥A: All │ Enter: Generate │ Esc: Close ──────────────────────────╯                                │
│                                       ││                                                                                                                          │
│                                       ││                                                                                                                          │
│                                       ││                                                                                                                          │
│                                       ││                                                                                                                          │
│                                       ││                                                                                                                          │
└───────────────────────────────────────┘└──────────────────────────────────────────────────────────────────────────────────────────────────────────────────────────┘
type:Filter
