---
source: src/tests/render_snapshots/confirm_dialogs.rs
expression: output
---
tes… ▸ … connected | localhost:5432/test
┌╭ Confirm UPDATE: users ─────────────╮]
││                                    │┐
││ ✓ LOW RISK                         ││
││                                    ││
││ Diff                               │┘
││   metadata:                        │┐
││     {                              ││
││   -   "company_size":              ││
││                                    ││
└╰ Enter: Confirm │ Esc: Cancel ──────╯┘
