---
source: src/tests/render_snapshots/overlays.rs
expression: output
---
test_project | test_db | - | no dsn | localhost:5432/test                                                                                                            
┌ [1] Explorer ─────────────────────────┐[Info] [Cols] [Idx] [FK] [RLS] [Trig] [DDL]                                                                                 
│> public.users                         │┌ [2] Inspector ───────────────────────────────────────────────────────────────────────────────────────────────────────────┐
│  public.posts                         ││(select a table)                                                                                                          │
│  public.comments                      ││                                                                                                                          │
│                                       ││                                                                                                                          │
│                                       ││                                                                                                                          │
│                                       ││                                                                                                                          │
│                                       ││                                                                                                                          │
│                                       ││                                                                                                                          │
│                                       ││                                                                                                                          │
│                                       ││                                                                                                                          │
│                                       ││                                                                                                                          │
│                                       ││                                                                                                                          │
│                                       ││                                                                                                                          │
│                                       ││                                                                                                                          │
│                                       ││                                                                                                                          │
│                                       ││                                                                                                                          │
│                                       ││        ╭ Generate SQL ──────────────────────────────────────────────────╮                                                │
│                                       ││        │  SELECT                                                        │                                                │
│                                       ││        │  INSERT                                                        │                                                │
│                                       ││        │  UPDATE                                                        │                                                │
│                                       ││        │  DELETE                                                        │                                                │
│                                       ││        │                                                                │                                                │
│                                       │└────────│                                                                │────────────────────────────────────────────────┘
│                                       │┌ [3] Res│                                                                │────────────────────────────────────────────────┐
│                                       ││(select │                                                                │                                                │
│                                       ││        │                                                                │                                                │
│                                       ││        │                                                                │                                                │
│                                       ││        │                                                                │                                                │
│                                       ││        │                                                                │                                                │
│                                       ││        │                                                                │                                                │
│                                       ││        ╰ Enter Select │ Esc/q Close ────────────────────────────────────╯                                                │
│                                       ││                                                                                                                          │
│                                       ││                                                                                                                          │
│                                       ││                                                                                                                          │
│                                       ││                                                                                                                          │
│                                       ││                                                                                                                          │
│                                       ││                                                                                                                          │
│                                       ││                                                                                                                          │
│                                       ││                                                                                                                          │
│                                       ││                                                                                                                          │
│                                       ││                                                                                                                          │
│                                       ││                                                                                                                          │
│                                       ││                                                                                                                          │
│                                       ││                                                                                                                          │
│                                       ││                                                                                                                          │
│                                       ││                                                                                                                          │
└───────────────────────────────────────┘└──────────────────────────────────────────────────────────────────────────────────────────────────────────────────────────┘
Enter:Select  Esc/q:Close
