---
source: src/tests/render_snapshots/overlays.rs
expression: output
---
test_project ▸ app ▸ -                                                                                                                              connected | mysql
┌ [1] Explorer ─────────────────────────┐[Info] [Cols] [Idx] [FK] [Trig] [DDL]                                                                                       
│> users                                │┌ [2] Inspector ───────────────────────────────────────────────────────────────────────────────────────────────────────────┐
│  posts                                ││(select a table)                                                                                                          │
│  comments                             ││                                                                                                                          │
│                                       ││                                                                                                                          │
│                                       ││                                                                                                                          │
│                                       ││                                                                                                                          │
│                                ╭ Table Picker ───────────────────────────────────────────────────────────────────────────────────╮                                │
│                                │  > user                                                                                         │                                │
│                                │▸   users                                                                                        │                                │
│                                │                                                                                                 │                                │
│                                │                                                                                                 │                                │
│                                │                                                                                                 │                                │
│                                │                                                                                                 │                                │
│                                │                                                                                                 │                                │
│                                │                                                                                                 │                                │
│                                │                                                                                                 │                                │
│                                │                                                                                                 │                                │
│                                │                                                                                                 │                                │
│                                │                                                                                                 │                                │
│                                │                                                                                                 │                                │
│                                │                                                                                                 │                                │
│                                │                                                                                                 │                                │
│                                │                                                                                                 │────────────────────────────────┘
│                                │                                                                                                 │────────────────────────────────┐
│                                │                                                                                                 │                                │
│                                │                                                                                                 │                                │
│                                │                                                                                                 │                                │
│                                │                                                                                                 │                                │
│                                │                                                                                                 │                                │
│                                │                                                                                                 │                                │
│                                │                                                                                                 │                                │
│                                │                                                                                                 │                                │
│                                │                                                                                                 │                                │
│                                │                                                                                                 │                                │
│                                │                                                                                                 │                                │
│                                │                                                                                                 │                                │
│                                │                                                                                                 │                                │
│                                │                                                                                                 │                                │
│                                │                                                                                                 │                                │
│                                │                                                                                                 │                                │
│                                ╰ 1 tables │ Enter: Select │ Esc: Close ──────────────────────────────────────────────────────────╯                                │
│                                       ││                                                                                                                          │
│                                       ││                                                                                                                          │
│                                       ││                                                                                                                          │
│                                       ││                                                                                                                          │
│                                       ││                                                                                                                          │
└───────────────────────────────────────┘└──────────────────────────────────────────────────────────────────────────────────────────────────────────────────────────┘
type:Filter
