---
source: src/tests/render_snapshots/inspector.rs
expression: output
---
test_project ▸ test_db ▸ -                                                                                                                            connected | app
┌ [1] Explorer ─────────────────────────┐[Info] [Cols] [Idx] [FK] [Trig] [DDL]
│> users                                │┌ [2] Inspector ───────────────────────────────────────────────────────────────────────────────────────────────────────────┐
│  posts                                ││Name                    Columns        Type    Unique   Detail                                                            │
│  comments                             ││idx_users_email_lower   lower(email)   btree            CREATE INDEX idx_users_email_lower ON users ((lower(`email`)))    │
│                                       ││                                                                                                                          │
│                                       ││                                                                                                                          │
│                                       ││                                                                                                                          │
│                                       ││                                                                                                                          │
│                                       ││                                                                                                                          │
│                                       ││                                                                                                                          │
│                                       ││                                                                                                                          │
│                                       ││                                                                                                                          │
│                                       ││                                                                                                                          │
│                                       ││                                                                                                                          │
│                                       ││                                                                                                                          │
│                                       ││                                                                                                                          │
│                                       ││                                                                                                                          │
│                                       ││                                                                                                                          │
│                                       ││                                                                                                                          │
│                                       ││                                                                                                                          │
│                                       ││                                                                                                                          │
│                                       ││                                                                                                                          │
│                                       ││                                                                                                                          │
│                                       │└──────────────────────────────────────────────────────────────────────────────────────────────────────────────────────────┘
│                                       │┌ [3] Result ──────────────────────────────────────────────────────────────────────────────────────────────────────────────┐
│                                       ││(select a table to preview)                                                                                               │
│                                       ││                                                                                                                          │
│                                       ││                                                                                                                          │
│                                       ││                                                                                                                          │
│                                       ││                                                                                                                          │
│                                       ││                                                                                                                          │
│                                       ││                                                                                                                          │
│                                       ││                                                                                                                          │
│                                       ││                                                                                                                          │
│                                       ││                                                                                                                          │
│                                       ││                                                                                                                          │
│                                       ││                                                                                                                          │
│                                       ││                                                                                                                          │
│                                       ││                                                                                                                          │
│                                       ││                                                                                                                          │
│                                       ││                                                                                                                          │
│                                       ││                                                                                                                          │
│                                       ││                                                                                                                          │
│                                       ││                                                                                                                          │
│                                       ││                                                                                                                          │
│                                       ││                                                                                                                          │
│                                       ││                                                                                                                          │
└───────────────────────────────────────┘└──────────────────────────────────────────────────────────────────────────────────────────────────────────────────────────┘
r:Reload  s:SQL  e:ER Diagram  c:Connections  ^P:Tables  ^O:History  ^R:Read-Only  f:Focus  Tab/⇧Tab:InsTabs  ?:Help  F1:Palette  ,:Settings  q:Quit
