---
source: src/tests/render_snapshots/overlays.rs
expression: output
---
test_project ▸ test_db ▸ -                                                                                                                          connected | local
┌ [1] Explorer ─────────────────────────┐[Info] [Cols] [Idx] [FK] [Trig] [DDL]                                                                                       
│> users                                │┌ [2] Inspector ───────────────────────────────────────────────────────────────────────────────────────────────────────────┐
│  posts                                ││(select a table)                                                                                                          │
│  comments                             ││                                                                                                                          │
│                                       ││                                                                                                                          │
│                                       ││                                                                                                                          │
│                                       ││                                                                                                                          │
│                                       ││                                                                                                                          │
│                                       ││                                                                                                                          │
│                ╭ SQL Editor ── [SQL] [Plan] ──────────────────────────────────────────────────────────────────────────────────────────────────────╮               │
│                │ EXPLAIN QUERY PLAN (0.04s)                                                                                                       │               │
│                │   DELETE FROM users WHERE name = 'alice'                                                                                         │               │
│                │                                                                                                                                  │               │
│                │ SEARCH users USING INDEX idx_users_name                                                                                          │               │
│                │   - SCAN orders                                                                                                                  │               │
│                │                                                                                                                                  │               │
│                │                                                                                                                                  │               │
│                │                                                                                                                                  │               │
│                │                                                                                                                                  │               │
│                │                                                                                                                                  │               │
│                │                                                                                                                                  │               │
│                │                                                                                                                                  │               │
│                │                                                                                                                                  │               │
│                │                                                                                                                                  │───────────────┘
│                │                                                                                                                                  │───────────────┐
│                │                                                                                                                                  │               │
│                │                                                                                                                                  │               │
│                │                                                                                                                                  │               │
│                │                                                                                                                                  │               │
│                │                                                                                                                                  │               │
│                │                                                                                                                                  │               │
│                │                                                                                                                                  │               │
│                │                                                                                                                                  │               │
│                │                                                                                                                                  │               │
│                │                                                                                                                                  │               │
│                │                                                                                                                                  │               │
│                │                                                                                                                                  │               │
│                │ ──────────────────────────────────────────────────────────────────────────────────────────────────────────────────────────────── │               │
│                │  [NORMAL]                                                                                                                 Ready  │               │
│                ╰ y: Yank │ Tab/⇧Tab: Switch │ Esc: Close ─────────────────────────────────────────────────────────────────────────────────────────╯               │
│                                       ││                                                                                                                          │
│                                       ││                                                                                                                          │
│                                       ││                                                                                                                          │
│                                       ││                                                                                                                          │
│                                       ││                                                                                                                          │
│                                       ││                                                                                                                          │
│                                       ││                                                                                                                          │
└───────────────────────────────────────┘└──────────────────────────────────────────────────────────────────────────────────────────────────────────────────────────┘
