---
source: src/tests/render_snapshots/connection_flow.rs
expression: output
---
test_project ▸ app ▸ -                                                                                                                             not loaded | mysql
┌ [1] Explorer ─────────────────────────┐[Info] [Cols] [Idx] [FK] [Trig] [DDL]                                                                                       
│ Press 'r' to load metadata            │┌ [2] Inspector ───────────────────────────────────────────────────────────────────────────────────────────────────────────┐
│                                       ││(select a table)                                                                                                          │
│                                       ││                                                                                                                          │
│                                       ││                                                                                                                          │
│                                       ││                                                                                                                          │
│                                       ││                                                                                                                          │
│                                       ││                                                                                                                          │
│                                       ││                                                                                                                          │
│                                       ││                                                                                                                          │
│                                       ││                                                                                                                          │
│                                       ││                                                                                                                          │
│                                       ││                                                                                                                          │
│                                       ││                                                                                                                          │
│                                       ││                                                                                                                          │
│                                       ││                                                                                                                          │
│                                       ││                                                                                                                          │
│                                       ││                                                                                                                          │
│                                       ││                                                                                                                          │
│                                       ││                                                                                                                          │
│                        ╭ Connection Error ───────────────────────────────────────────────────────────────────────────────────────────────╮                        │
│                        │✗ Connection timed out                                                                                           │                        │
│                        │                                                                                                                 │                        │
│                        │Hint: Check network connectivity                                                                                 │────────────────────────┘
│                        │                                                                                                                 │────────────────────────┐
│                        │▶ Details (press d to expand)                                                                                    │                        │
│                        │                                                                                                                 │                        │
│                        │Actions:  r  Retry   s  Switch   d  Details   y  Copy                                                            │                        │
│                        ╰ Esc: Close ─────────────────────────────────────────────────────────────────────────────────────────────────────╯                        │
│                                       ││                                                                                                                          │
│                                       ││                                                                                                                          │
│                                       ││                                                                                                                          │
│                                       ││                                                                                                                          │
│                                       ││                                                                                                                          │
│                                       ││                                                                                                                          │
│                                       ││                                                                                                                          │
│                                       ││                                                                                                                          │
│                                       ││                                                                                                                          │
│                                       ││                                                                                                                          │
│                                       ││                                                                                                                          │
│                                       ││                                                                                                                          │
│                                       ││                                                                                                                          │
│                                       ││                                                                                                                          │
│                                       ││                                                                                                                          │
│                                       ││                                                                                                                          │
│                                       ││                                                                                                                          │
│                                       ││                                                                                                                          │
└───────────────────────────────────────┘└──────────────────────────────────────────────────────────────────────────────────────────────────────────────────────────┘
r:Retry  s:Switch  d:Details  y:Copy
