---
source: src/tests/render_snapshots/initial_state.rs
expression: output
---
test_project ▸ - ▸ -                                                                                                                                       no dsn | -
┌ [1] Explorer ─────────────────────────┐[Info]                                                                                                                      
│ Press 'c' to select a connection      │┌ [2] Inspector ───────────────────────────────────────────────────────────────────────────────────────────────────────────┐
│                                       ││(select a table)                                                                                                          │
│                                       ││                                                                                                                          │
│                                       ││                                                                                                                          │
│                                       ││                                                                                                                          │
│                                       ││                                                                                                                          │
│                                       ││                                                                                                                          │
│                                       ││                                                                                                                          │
│                                       ││                                                                                                                          │
│                                       ││                                                                                                                          │
│                                       ││                                                                                                                          │
│                                       ││                                                                                                                          │
│                                       ││                                                                                                                          │
│                                       ││                                                                                                                          │
│                                       ││                                                                                                                          │
│                                       ││                                                                                                                          │
│                                       ││                                                                                                                          │
│                                       ││                                                                                                                          │
│                                       ││                                                                                                                          │
│                                       ││                                                                                                                          │
│                                       ││                                                                                                                          │
│                                       ││                                                                                                                          │
│                                       │└──────────────────────────────────────────────────────────────────────────────────────────────────────────────────────────┘
│                                       │┌ [3] Result ──────────────────────────────────────────────────────────────────────────────────────────────────────────────┐
│                                       ││(select a table to preview)                                                                                               │
│                                       ││                                                                                                                          │
│                                       ││                                                                                                                          │
│                                       ││                                                                                                                          │
│                                       ││                                                                                                                          │
│                                       ││                                                                                                                          │
│                                       ││                                                                                                                          │
│                                       ││                                                                                                                          │
│                                       ││                                                                                                                          │
│                                       ││                                                                                                                          │
│                                       ││                                                                                                                          │
│                                       ││                                                                                                                          │
│                                       ││                                                                                                                          │
│                                       ││                                                                                                                          │
│                                       ││                                                                                                                          │
│                                       ││                                                                                                                          │
│                                       ││                                                                                                                          │
│                                       ││                                                                                                                          │
│                                       ││                                                                                                                          │
│                                       ││                                                                                                                          │
│                                       ││                                                                                                                          │
│                                       ││                                                                                                                          │
└───────────────────────────────────────┘└──────────────────────────────────────────────────────────────────────────────────────────────────────────────────────────┘
s:SQL  c:Connections  ^P:Tables  ^O:History  ^R:Read-Only  f:Focus  ?:Help  F1:Palette  ,:Settings  q:Quit
