---
source: src/tests/render_snapshots/overlays.rs
expression: output
---
test_project | test_db | - | no dsn | localhost:5432/test                                                                                                            
┌ [1] Explorer ─────────────────────────┐[Info] [Cols] [Idx] [FK] [RLS] [Trig] [DDL]                                                                                 
│> public.users                         │┌ [2] Inspector ───────────────────────────────────────────────────────────────────────────────────────────────────────────┐
│  public.posts                         ││(select a table)                                                                                                          │
│  public.comments                      ││                                                                                                                          │
│                        ╭ Help ───────────────────────────────────────────────────────────────────────────────────────────────────────────╮                        │
│                        │  ←→                                   Move cursor                                                              ▲│                        │
│                        │  Home/End                             Jump to start/end                                                        ││                        │
│                        │  :                                    Open command line                                                        ││                        │
│                        │  Esc                                  Exit to Cell Active (draft preserved)                                    ││                        │
│                        │                                                                                                                ││                        │
│                        │▸ SQL Editor (Normal)                                                                                           ││                        │
│                        │  Alt+Enter / F5                       Execute query                                                            ││                        │
│                        │  y                                    Copy query to clipboard                                                  ││                        │
│                        │  i                                    Enter Insert mode                                                        ││                        │
│                        │  A                                    Append at line end                                                       ││                        │
│                        │  h / j / k / l / ↑↓←→                 Move cursor                                                              ││                        │
│                        │  0 / $ / w / b / Home / End           Move by word or line boundary                                            ┃│                        │
│                        │  gg / G / H / M / L                   Jump by buffer or viewport                                               ┃│                        │
│                        │  Esc / q                              Close editor                                                             ┃│                        │
│                        │  Ctrl+L                               Clear editor                                                             ┃│                        │
│                        │  Ctrl+O                               Open Query History                                                       ┃│                        │
│                        │                                                                                                                ┃│                        │
│                        │▸ SQL Editor (Insert)                                                                                           ┃│                        │
│                        │  Alt+Enter / F5                       Execute query                                                            ││────────────────────────┘
│                        │  Esc                                  Return to Normal mode                                                    ││────────────────────────┐
│                        │  ↑↓←→                                 Move cursor                                                              ││                        │
│                        │  Home/End                             Line start/end                                                           ││                        │
│                        │  Tab                                  Insert tab / Accept completion                                           ││                        │
│                        │  Ctrl+Space                           Trigger completion                                                       ││                        │
│                        │  Ctrl+L                               Clear editor                                                             ││                        │
│                        │  Ctrl+O                               Open Query History                                                       ││                        │
│                        │  Ctrl+E                               Edit query in $EDITOR                                                    ││                        │
│                        │                                                                                                                ││                        │
│                        │▸ SQL Editor (Plan)                                                                                             ││                        │
│                        │  Ctrl+E                               Run EXPLAIN on current query                                             ││                        │
│                        │  Alt+E                                Run EXPLAIN ANALYZE on current query                                     ││                        │
│                        │  y                                    Copy to clipboard                                                        ││                        │
│                        │  Ctrl+N / Ctrl+P / ↑↓ / j / k         Scroll plan text                                                         ││                        │
│                        │  Tab                                  Switch tab                                                               ││                        │
│                        │  Shift+Tab                            Previous tab                                                             ││                        │
│                        │  Esc / q                              Close editor                                                             ││                        │
│                        │                                                                                                                ││                        │
│                        │▸ SQL Editor (Compare)                                                                                          ││                        │
│                        │  Ctrl+E                               Run EXPLAIN on current query                                             ▼│                        │
│                        ╰ ?/Esc/q Close ──────────────────────────────────────────────────────────────────────────────────────────────────╯                        │
│                                       ││                                                                                                                          │
│                                       ││                                                                                                                          │
└───────────────────────────────────────┘└──────────────────────────────────────────────────────────────────────────────────────────────────────────────────────────┘
h/l / ←→:H-Scroll  ?/Esc/q:Close
