---
source: src/tests/render_snapshots/overlays.rs
expression: output
---
test_project ▸ - ▸ -                                                                                                                 not loaded | localhost:5432/test
┌ [1] Explorer ─────────────────────────┐[Info] [Cols] [Idx] [FK] [RLS] [Trig] [DDL]
│ Press 'r' to load metadata            │┌ [2] Inspector ───────────────────────────────────────────────────────────────────────────────────────────────────────────┐
│                                       ││(select a table)                                                                                                          │
│                                       ││                                                                                                                          │
│                                       ││                                                                                                                          │
│                                       ││                                                                                                                          │
│                                       ││                                                                                                                          │
│                                       ││                                                                                                                          │
│                                       ││                                                                                                                          │
│                ╭ SQL Editor ── [SQL] [Plan] [Compare] ────────────────────────────────────────────────────────────────────────────────────────────╮               │
│                │ INSERT IGNORE INTO users (id) VALUES (1)                                                                                         │               │
│                │                                                                                                                                  │               │
│                │                                                                                                                                  │               │
│                │                                                                                                                                  │               │
│                │                                                                                                                                  │               │
│                │                                                                                                                                  │               │
│                │                                                                                                                                  │               │
│                │                                                                                                                                  │               │
│                │                                                                                                                                  │               │
│                │                                                                                                                                  │               │
│                │                                                                                                                                  │               │
│                │                                                                                                                                  │               │
│                │                                                                                                                                  │               │
│                │                                                                                                                                  │───────────────┘
│                │                                                                                                                                  │───────────────┐
│                │                                                                                                                                  │               │
│                │                                                                                                                                  │               │
│                │                                                                                                                                  │               │
│                │                                                                                                                                  │               │
│                │                                                                                                                                  │               │
│                │                                                                                                                                  │               │
│                │                                                                                                                                  │               │
│                │                                                                                                                                  │               │
│                │                                                                                                                                  │               │
│                │                                                                                                                                  │               │
│                │ ──────────────────────────────────────────────────────────────────────────────────────────────────────────────────────────────── │               │
│                │  [NORMAL] ✓ 1 row inserted (0.01s)                                                                                               │               │
│                │           ⚠ Warning (Code 1062): Duplicate entry '1' for key 'users.PRIMARY'                                                     │               │
│                │           ⚠ Note (Code 1050): Table 'users' already exists                                                                       │               │
│                ╰ ⌥Enter/F5: Run │ ^E: Explain │ i: Insert │ Tab/⇧Tab: Switch │ Esc: Close ────────────────────────────────────────────────────────╯               │
│                                       ││                                                                                                                          │
│                                       ││                                                                                                                          │
│                                       ││                                                                                                                          │
│                                       ││                                                                                                                          │
│                                       ││                                                                                                                          │
│                                       ││                                                                                                                          │
│                                       ││                                                                                                                          │
└───────────────────────────────────────┘└──────────────────────────────────────────────────────────────────────────────────────────────────────────────────────────┘
