---
source: src/tests/render_snapshots/connection_flow.rs
expression: output
---
test_project ▸ - ▸ -                                                                                                                 not loaded | localhost:5432/test
┌ [1] Explorer ─────────────────────────┐[Info] [Cols] [Idx] [FK] [RLS] [Trig] [DDL]                                                                                 
│ Press 'r' to load metadata            │┌ [2] Inspector ───────────────────────────────────────────────────────────────────────────────────────────────────────────┐
│                                       ││(select a table)                                                                                                          │
│                                       ││                                                                                                                          │
│                                       ││                                                                                                                          │
│                                       ││                                                                                                                          │
│                                       ││                                                                                                                          │
│                                       ││                                                                                                                          │
│                                       ││                                                                                                                          │
│                                       ││                                                                                                                          │
│                                       ││                                                                                                                          │
│                                       ││                                                                                                                          │
│                                       ││                                                                                                                          │
│                                       ││                                                                                                                          │
│                                       ││                                                                                                                          │
│                                       ││          ╭ New Connection ────────────────────────────────────────────╮                                                  │
│                                       ││          │                                                            │                                                  │
│                                       ││          │  Type:       [ MySQL                    ▼ ]                │                                                  │
│                                       ││          │  Name:       [                            ]                │                                                  │
│                                       ││          │  Transport:  [ TCP                      ▼ ]                │                                                  │
│                                       ││          │  Host:       [ localhost                  ]                │                                                  │
│                                       ││          │  Port:       [ 3306                       ]                │                                                  │
│                                       ││          │  Database:   [ app                        ]                │                                                  │
│                                       │└──────────│  User:       [ mysql_user                 ]                │──────────────────────────────────────────────────┘
│                                       │┌ [3] Resul│  Password:   [ empty = no password        ]                │──────────────────────────────────────────────────┐
│                                       ││(select a │  SSL Mode:   [ PREFERRED                ▼ ]                │                                                  │
│                                       ││          │  Cleartext:  [ disabled                 ▼ ]                │                                                  │
│                                       ││          │  Server Key: [                            ]                │                                                  │
│                                       ││          │  Cert Path:  [                            ]                │                                                  │
│                                       ││          │  Key Path:   [                            ]                │                                                  │
│                                       ││          │                                                            │                                                  │
│                                       ││          │  → stub-dsn                                                │                                                  │
│                                       ││          │  Note: Connection info is stored locally in plain text     │                                                  │
│                                       ││          │                                                            │                                                  │
│                                       ││          ╰ Tab/⇧Tab: Field │ Enter: Toggle │ ^S: Connect │ Esc: Cancel╯                                                  │
│                                       ││                                                                                                                          │
│                                       ││                                                                                                                          │
│                                       ││                                                                                                                          │
│                                       ││                                                                                                                          │
│                                       ││                                                                                                                          │
│                                       ││                                                                                                                          │
│                                       ││                                                                                                                          │
│                                       ││                                                                                                                          │
│                                       ││                                                                                                                          │
│                                       ││                                                                                                                          │
│                                       ││                                                                                                                          │
│                                       ││                                                                                                                          │
└───────────────────────────────────────┘└──────────────────────────────────────────────────────────────────────────────────────────────────────────────────────────┘
